// Jest Snapshot v1, https://goo.gl/fbAQLP

exports[`Summary List component renders correctly 1`] = `
<DocumentFragment>
  <dl
    class="govuk-summary-list"
  >
    Test inner
  </dl>
</DocumentFragment>
`;
